There are 18 misspelled words:
counterinterpretation
undivable
factitude
aspartate
homocline
azadracta
aminoanthraquinone
selectionism
plerosis
blennostatic
connivantly
antiapostle
unsulphinated
underagitation
mesocephalon
chafman
wittiness
perukiership
